// Jest Snapshot v1, https://goo.gl/fbAQLP

exports[`Testing organism Footer: is rendering 1`] = `
<div
  className="main"
>
  <div
    className="container"
  >
    <p>
      2021
    </p>
    <p>
      @Эдуард Пузыно
    </p>
  </div>
</div>
`;
