// Jest Snapshot v1, https://goo.gl/fbAQLP

exports[`Loader atom testing: Is render 1`] = `
<div
  className="container"
>
  <div
    className="loading"
  />
</div>
`;
